Help on built-in function kw_func0 in module example

kkww__ffuunncc00(...)
    kw_func0(arg0: int, arg1: int) -> None

Help on built-in function kw_func1 in module example

kkww__ffuunncc11(...)
    kw_func1(x: int, y: int) -> None

Help on built-in function kw_func2 in module example

kkww__ffuunncc22(...)
    kw_func2(x: int=100L, y: int=200L) -> None

Help on built-in function kw_func3 in module example

kkww__ffuunncc33(...)
    kw_func3(data: unicode=u'Hello world!') -> None

Help on built-in function kw_func4 in module example

kkww__ffuunncc44(...)
    kw_func4(myList: List[int]=[13L, 17L]) -> None

Help on built-in function kw_func_udl in module example

kkww__ffuunncc__uuddll(...)
    kw_func_udl(x: int, y: int=300L) -> None

Help on built-in function kw_func_udl_z in module example

kkww__ffuunncc__uuddll__zz(...)
    kw_func_udl_z(x: int, y: int=0L) -> None

Help on built-in function args_function in module example

aarrggss__ffuunnccttiioonn(...)
    args_function(*args) -> None

Help on built-in function args_kwargs_function in module example

aarrggss__kkwwaarrggss__ffuunnccttiioonn(...)
    args_kwargs_function(*args, **kwargs) -> None


foo0(self: KWClass, arg0: int, arg1: float) -> None
foo1(self: KWClass, x: int, y: float) -> None


kw_func(x=5, y=10)
kw_func(x=5, y=10)
kw_func(x=5, y=10)
kw_func(x=100, y=200)
kw_func(x=5, y=200)
kw_func(x=5, y=200)
kw_func(x=100, y=10)
kw_func(x=5, y=10)
kw_func(x=5, y=10)
Caught expected exception: Incompatible function arguments. The following argument types are supported:
    1. (x: int=100L, y: int=200L) -> None
    Invoked with:
kw_func4: 13 17
kw_func4: 1 2 3
kw_func(x=1234, y=5678)
got argument: arg1_value
got argument: arg2_value
got argument: 3
got argument: arg1_value
got argument: arg2_value
got keyword argument: arg3 -> arg3_value
got keyword argument: arg4 -> 4

kw_func(x=5, y=10)
kw_func(x=5, y=0)
