<class 'example.EMyEnumeration'>
EMyEnumeration.EFirstEntry
EMyEnumeration.ESecondEntry
EMyEnumeration.EFirstEntry
test_function()
False
test_function(7)
3.5
test_function(enum=1)
None
test_function(enum=2)
None
<class 'Example4.EMode'>
EMode.EFirstMode
EMode.EFirstMode
Example4::test_function(enum=1)
bytes[0]=1
bytes[1]=0
bytes[2]=2
bytes[3]=0
