Help on built-in function kw_func in module example

kkww__ffuunncc(...)
    kw_func(x : int, y : int) -> NoneType

Help on built-in function kw_func2 in module example

kkww__ffuunncc22(...)
    kw_func2(x : int = 100L, y : int = 200L) -> NoneType

Help on built-in function kw_func3 in module example

kkww__ffuunncc33(...)
    kw_func3(data : unicode = u'Hello world!') -> NoneType

Help on built-in function kw_func4 in module example

kkww__ffuunncc44(...)
    kw_func4(myList : list<int> = [13L, 17L]) -> NoneType

kw_func(x=5, y=10)
kw_func(x=5, y=10)
kw_func(x=5, y=10)
kw_func(x=100, y=200)
kw_func(x=5, y=200)
kw_func(x=5, y=200)
kw_func(x=100, y=10)
kw_func(x=5, y=10)
kw_func(x=5, y=10)
Caught expected exception: Incompatible function arguments. The following argument types are supported:
    1. (x : int = 100L, y : int = 200L) -> NoneType
    Invoked with:
kw_func4: 13 17 
kw_func4: 1 2 3 
kw_func(x=1234, y=5678)
got argument: arg1_value
got argument: arg2_value
got argument: 3
got argument: arg1_value
got argument: arg2_value
got keyword argument: arg3 -> arg3_value
got keyword argument: arg4 -> 4
